test.log
test1.txt
test2.log